// Jest Snapshot v1, https://goo.gl/fbAQLP

exports[`should render an expense list item 1`] = `
<div>
  <Link
    replace={false}
    to="edit/1"
  >
    <h3>
      Gum
    </h3>
  </Link>
  <p>
    EGP19,95
     -
    01-January-1970
  </p>
</div>
`;
