// Jest Snapshot v1, https://goo.gl/fbAQLP

exports[`should render empty message when no expenses in array 1`] = `
<div>
  <p>
    No expenses to show currently.
  </p>
</div>
`;

exports[`should render expense list with expenses 1`] = `
<div>
  <ExpenseListItem
    amount={1995}
    createdAt={0}
    description="Gum"
    id="1"
    key="1"
    note=""
  />
  <ExpenseListItem
    amount={20000}
    createdAt={-345600000}
    description="Credit Card"
    id="2"
    key="2"
    note=""
  />
  <ExpenseListItem
    amount={50000}
    createdAt={345600000}
    description="Rental"
    id="3"
    key="3"
    note=""
  />
</div>
`;
